// Jest Snapshot v1, https://goo.gl/fbAQLP

exports[`RideRequest Container RideRequest should match the snapshot 1`] = `
"<div className=\\"containers\\">
  <h2>
    Ride Request
  </h2>
  <form>
    <h3>
      Write a message to 
      :
    </h3>
    <textarea name=\\"message\\" value=\\"I\\\\'d like to join your ride...\\" onChange={[Function]} rows=\\"5\\" cols=\\"33\\" />
    <Mutation mutation={{...}}>
      [function]
    </Mutation>
  </form>
</div>"
`;
